
> dog-adoption-platform-api@1.0.0 test
> jest --testTimeout=120000 --verbose

  console.log
    [dotenv@17.2.3] injecting env (3) from .env -- tip: 📡 add observability to secrets: https://dotenvx.com/ops

      at _log (node_modules/dotenv/lib/main.js:142:11)

  console.log
    Connected to DB successfully

      at NativeConnection.log (app.js:46:13)

  console.log
    Host: 127.0.0.1

      at NativeConnection.log (app.js:47:13)

  console.log
    Port: 39429

      at NativeConnection.log (app.js:48:13)

  console.log
    Database Name: test

      at NativeConnection.log (app.js:49:13)

  console.log
    Ready State: connected

      at NativeConnection.log (app.js:50:13)

  console.log
    Connected to MongoDB

      at log (db.js:13:17)

  console.log
    Mongoose disconnected.

      at NativeConnection.log (app.js:61:13)
          at async Promise.all (index 0)

